> Task :compileJava UP-TO-DATE
> Task :processResources UP-TO-DATE
> Task :classes UP-TO-DATE
> Task :resolveMainClassName

> Task :bootRun

  .   ____          _            __ _ _
 /\\ / ___'_ __ _ _(_)_ __  __ _ \ \ \ \
( ( )\___ | '_ | '_| | '_ \/ _` | \ \ \ \
 \\/  ___)| |_)| | | | | || (_| |  ) ) ) )
  '  |____| .__|_| |_|_| |_\__, | / / / /
 =========|_|==============|___/=/_/_/_/

 :: Spring Boot ::                (v4.1.0)

2026-06-16T21:58:04.613+08:00  INFO 30476 --- [backend] [           main] org.example.backend.BackendApplication   : Starting BackendApplication using Java 21.0.11 with PID 30476 (D:\software\backend\backend\build\classes\java\main started by BM43 in D:\software\backend\backend)
2026-06-16T21:58:04.618+08:00  INFO 30476 --- [backend] [           main] org.example.backend.BackendApplication   : No active profile set, falling back to 1 default profile: "default"
2026-06-16T21:58:05.754+08:00  INFO 30476 --- [backend] [           main] o.s.boot.tomcat.TomcatWebServer          : Tomcat initialized with port 8080 (http)
2026-06-16T21:58:05.774+08:00  INFO 30476 --- [backend] [           main] o.apache.catalina.core.StandardService   : Starting service [Tomcat]
2026-06-16T21:58:05.774+08:00  INFO 30476 --- [backend] [           main] o.apache.catalina.core.StandardEngine    : Starting Servlet engine: [Apache Tomcat/11.0.22]
2026-06-16T21:58:05.839+08:00  INFO 30476 --- [backend] [           main] b.w.c.s.WebApplicationContextInitializer : Root WebApplicationContext: initialization completed in 1154 ms
2026-06-16T21:58:05.951+08:00  INFO 30476 --- [backend] [           main] com.zaxxer.hikari.HikariDataSource       : HikariPool-1 - Starting...
2026-06-16T21:58:06.080+08:00  INFO 30476 --- [backend] [           main] com.zaxxer.hikari.pool.HikariPool        : HikariPool-1 - Added connection org.sqlite.jdbc4.JDBC4Connection@2f74900b
2026-06-16T21:58:06.081+08:00  INFO 30476 --- [backend] [           main] com.zaxxer.hikari.HikariDataSource       : HikariPool-1 - Start completed.
2026-06-16T21:58:06.699+08:00  INFO 30476 --- [backend] [           main] o.s.boot.tomcat.TomcatWebServer          : Tomcat started on port 8080 (http) with context path '/'
2026-06-16T21:58:06.705+08:00  INFO 30476 --- [backend] [           main] org.example.backend.BackendApplication   : Started BackendApplication in 2.53 seconds (process running for 2.966)
2026-06-16T21:58:13.682+08:00  INFO 30476 --- [backend] [nio-8080-exec-1] o.a.c.c.C.[Tomcat].[localhost].[/]       : Initializing Spring DispatcherServlet 'dispatcherServlet'
2026-06-16T21:58:13.683+08:00  INFO 30476 --- [backend] [nio-8080-exec-1] o.s.web.servlet.DispatcherServlet        : Initializing Servlet 'dispatcherServlet'
2026-06-16T21:58:13.685+08:00  INFO 30476 --- [backend] [nio-8080-exec-1] o.s.web.servlet.DispatcherServlet        : Completed initialization in 2 ms
