[33mThe CJS build of Vite's Node API is deprecated. See https://vite.dev/guide/troubleshooting.html#vite-cjs-node-api-deprecated for more details.[39m
[2m19:44:34[22m [31m[1m[vite][22m[39m [31mhttp proxy error: /api/admin/snapshot[39m
AggregateError [ECONNREFUSED]: 
    at internalConnectMultiple (node:net:1193:18)
    at afterConnectMultiple (node:net:1783:7)
[2m19:44:37[22m [31m[1m[vite][22m[39m [31mhttp proxy error: /api/admin/snapshot[39m
AggregateError [ECONNREFUSED]: 
    at internalConnectMultiple (node:net:1193:18)
    at afterConnectMultiple (node:net:1783:7)
[2m19:44:40[22m [31m[1m[vite][22m[39m [31mhttp proxy error: /api/admin/snapshot[39m
AggregateError [ECONNREFUSED]: 
    at internalConnectMultiple (node:net:1193:18)
    at afterConnectMultiple (node:net:1783:7)
[2m19:44:43[22m [31m[1m[vite][22m[39m [31mhttp proxy error: /api/admin/snapshot[39m
AggregateError [ECONNREFUSED]: 
    at internalConnectMultiple (node:net:1193:18)
    at afterConnectMultiple (node:net:1783:7)
[2m19:44:46[22m [31m[1m[vite][22m[39m [31mhttp proxy error: /api/admin/snapshot[39m
AggregateError [ECONNREFUSED]: 
    at internalConnectMultiple (node:net:1193:18)
    at afterConnectMultiple (node:net:1783:7)
[2m19:44:49[22m [31m[1m[vite][22m[39m [31mhttp proxy error: /api/admin/snapshot[39m
AggregateError [ECONNREFUSED]: 
    at internalConnectMultiple (node:net:1193:18)
    at afterConnectMultiple (node:net:1783:7)
[2m19:44:52[22m [31m[1m[vite][22m[39m [31mhttp proxy error: /api/admin/snapshot[39m
AggregateError [ECONNREFUSED]: 
    at internalConnectMultiple (node:net:1193:18)
    at afterConnectMultiple (node:net:1783:7)
[2m19:44:55[22m [31m[1m[vite][22m[39m [31mhttp proxy error: /api/admin/snapshot[39m
AggregateError [ECONNREFUSED]: 
    at internalConnectMultiple (node:net:1193:18)
    at afterConnectMultiple (node:net:1783:7)
[2m19:44:58[22m [31m[1m[vite][22m[39m [31mhttp proxy error: /api/admin/snapshot[39m
AggregateError [ECONNREFUSED]: 
    at internalConnectMultiple (node:net:1193:18)
    at afterConnectMultiple (node:net:1783:7)
[2m19:45:01[22m [31m[1m[vite][22m[39m [31mhttp proxy error: /api/admin/snapshot[39m
AggregateError [ECONNREFUSED]: 
    at internalConnectMultiple (node:net:1193:18)
    at afterConnectMultiple (node:net:1783:7)
[2m19:45:04[22m [31m[1m[vite][22m[39m [31mhttp proxy error: /api/admin/snapshot[39m
AggregateError [ECONNREFUSED]: 
    at internalConnectMultiple (node:net:1193:18)
    at afterConnectMultiple (node:net:1783:7)
[2m19:45:07[22m [31m[1m[vite][22m[39m [31mhttp proxy error: /api/admin/snapshot[39m
AggregateError [ECONNREFUSED]: 
    at internalConnectMultiple (node:net:1193:18)
    at afterConnectMultiple (node:net:1783:7)
[2m19:45:10[22m [31m[1m[vite][22m[39m [31mhttp proxy error: /api/admin/snapshot[39m
AggregateError [ECONNREFUSED]: 
    at internalConnectMultiple (node:net:1193:18)
    at afterConnectMultiple (node:net:1783:7)
